******************************************************************************
                  TI ARM Linker PC v5.2.5                      
******************************************************************************
>> Linked Wed Dec 30 16:46:05 2015

OUTPUT FILE NAME:   <Blinky.out>
ENTRY POINT SYMBOL: "_c_int00"  address: 00000cd1


MEMORY CONFIGURATION

         name            origin    length      used     unused   attr    fill
----------------------  --------  ---------  --------  --------  ----  --------
  FLASH                 00000000   00100000  000010ea  000fef16  R  X
  SRAM                  20000000   00040000  0000021c  0003fde4  RW X


SEGMENT ALLOCATION MAP

run origin  load origin   length   init length attrs members
----------  ----------- ---------- ----------- ----- -------
00000000    00000000    000010f0   000010f0    r-x
  00000000    00000000    00000208   00000208    r-- .intvecs
  00000208    00000208    00000ddc   00000ddc    r-x .text
  00000fe4    00000fe4    000000e6   000000e6    r-- .const
  000010d0    000010d0    00000020   00000020    r-- .cinit
20000000    20000000    0000021c   00000000    rw-
  20000000    20000000    00000200   00000000    rw- .stack
  20000200    20000200    0000001c   00000000    rw- .data


SECTION ALLOCATION MAP

 output                                  attributes/
section   page    origin      length       input sections
--------  ----  ----------  ----------   ----------------
.intvecs   0    00000000    00000208     
                  00000000    00000208     tm4c1294ncpdt_startup_ccs.obj (.intvecs)

.text      0    00000208    00000ddc     
                  00000208    0000049c     uartstdio.obj (.text)
                  000006a4    0000021c     main.obj (.text)
                  000008c0    00000130     driverlib.lib : gpio.obj (.text:GPIOPadConfigSet)
                  000009f0    000000f0                   : sysctl.obj (.text:SysCtlClockSet)
                  00000ae0    0000009c     rtsv7M4_T_le_v4SPD16_eabi.lib : memcpy_t2.obj (.text)
                  00000b7c    0000007a                                   : memset_t2.obj (.text)
                  00000bf6    00000002                                   : i_div0.obj (.text)
                  00000bf8    0000006c                                   : autoinit.obj (.text)
                  00000c64    0000006a                                   : copy_decompress_rle.obj (.text)
                  00000cce    00000002     --HOLE-- [fill = 0]
                  00000cd0    00000050                                   : boot.obj (.text)
                  00000d20    0000004c                                   : cpy_tbl.obj (.text)
                  00000d6c    00000048     driverlib.lib : gpio.obj (.text:GPIOPinConfigure)
                  00000db4    00000044     rtsv7M4_T_le_v4SPD16_eabi.lib : exit.obj (.text)
                  00000df8    00000042     driverlib.lib : uart.obj (.text:UARTConfigSetExpClk)
                  00000e3a    00000040     rtsv7M4_T_le_v4SPD16_eabi.lib : u_divt2.obj (.text)
                  00000e7a    00000002     --HOLE-- [fill = 0]
                  00000e7c    00000038     driverlib.lib : sysctl.obj (.text:SysCtlPeripheralPresent)
                  00000eb4    00000034                   : sysctl.obj (.text:SysCtlPeripheralEnable)
                  00000ee8    0000002a                   : gpio.obj (.text:GPIODirModeSet)
                  00000f12    00000002     --HOLE-- [fill = 0]
                  00000f14    0000001c                   : uart.obj (.text:UARTDisable)
                  00000f30    00000018                   : gpio.obj (.text:GPIOPinTypeGPIOOutput)
                  00000f48    00000018     rtsv7M4_T_le_v4SPD16_eabi.lib : args_main.obj (.text)
                  00000f60    00000014     driverlib.lib : uart.obj (.text:UARTEnable)
                  00000f74    00000014     rtsv7M4_T_le_v4SPD16_eabi.lib : _lock.obj (.text)
                  00000f88    00000012     driverlib.lib : gpio.obj (.text:GPIOPinTypeUART)
                  00000f9a    0000000e     rtsv7M4_T_le_v4SPD16_eabi.lib : copy_decompress_none.obj (.text:decompress:none)
                  00000fa8    0000000c     tm4c1294ncpdt_startup_ccs.obj (.text)
                  00000fb4    0000000a     driverlib.lib : uart.obj (.text:UARTCharGet)
                  00000fbe    0000000a                   : uart.obj (.text:UARTCharPut)
                  00000fc8    00000006                   : gpio.obj (.text:GPIOPinWrite)
                  00000fce    00000006                   : sysctl.obj (.text:SysCtlDelay)
                  00000fd4    00000006                   : uart.obj (.text:UARTClockSourceSet)
                  00000fda    00000006     rtsv7M4_T_le_v4SPD16_eabi.lib : copy_decompress_rle.obj (.text:decompress:rle24)
                  00000fe0    00000004                                   : pre_init.obj (.text)

.const     0    00000fe4    000000e6     
                  00000fe4    00000090     driverlib.lib : gpio.obj (.const:g_pui32GPIOBaseAddrs)
                  00001074    00000044     uartstdio.obj (.const)
                  000010b8    00000012     uartstdio.obj (.const:.string)

.cinit     0    000010d0    00000020     
                  000010d0    0000000f     (.cinit..data.load) [load image, compression = rle]
                  000010df    00000001     --HOLE-- [fill = 0]
                  000010e0    00000008     (__TI_handler_table)
                  000010e8    00000008     (__TI_cinit_table)

.init_array 
*          0    00000000    00000000     UNINITIALIZED

.stack     0    20000000    00000200     UNINITIALIZED
                  20000000    00000200     --HOLE--

.data      0    20000200    0000001c     UNINITIALIZED
                  20000200    00000008     rtsv7M4_T_le_v4SPD16_eabi.lib : _lock.obj (.data)
                  20000208    00000008                                   : exit.obj (.data)
                  20000210    00000005     uartstdio.obj (.data)
                  20000215    00000003     --HOLE--
                  20000218    00000004     rtsv7M4_T_le_v4SPD16_eabi.lib : stkdepth_vars.obj (.data)

.TI.persistent 
*          0    20000200    00000000     UNINITIALIZED


LINKER GENERATED COPY TABLES

__TI_cinit_table @ 000010e8 records: 1, size/record: 8, table size: 8
	.data: load addr=000010d0, load size=0000000f bytes, run addr=20000200, run size=0000001c bytes, compression=rle


LINKER GENERATED HANDLER TABLE

__TI_handler_table @ 000010e0 records: 2, size/record: 4, table size: 8
	index: 0, handler: __TI_decompress_rle24
	index: 1, handler: __TI_decompress_none


GLOBAL SYMBOLS: SORTED ALPHABETICALLY BY Name 

address   name                    
-------   ----                    
00000db5  C$$EXIT                 
00000ee9  GPIODirModeSet          
000008c1  GPIOPadConfigSet        
00000d6d  GPIOPinConfigure        
00000f31  GPIOPinTypeGPIOOutput   
00000f89  GPIOPinTypeUART         
00000fc9  GPIOPinWrite            
000006a5  InitConsole             
00000fa9  ResetISR                
UNDEFED   SHT$$INIT_ARRAY$$Base   
UNDEFED   SHT$$INIT_ARRAY$$Limit  
000009f1  SysCtlClockSet          
00000fcf  SysCtlDelay             
00000eb5  SysCtlPeripheralEnable  
00000e7d  SysCtlPeripheralPresent 
00000fb5  UARTCharGet             
00000fbf  UARTCharPut             
00000fd5  UARTClockSourceSet      
00000df9  UARTConfigSetExpClk     
00000f15  UARTDisable             
00000f61  UARTEnable              
00000209  UARTStdioConfig         
0000034f  UARTgetc                
00000295  UARTgets                
0000066f  UARTprintf              
00000375  UARTvprintf             
0000024f  UARTwrite               
20000200  __STACK_END             
00000200  __STACK_SIZE            
20000200  __STACK_TOP             
000010e8  __TI_CINIT_Base         
000010f0  __TI_CINIT_Limit        
000010e0  __TI_Handler_Table_Base 
000010e8  __TI_Handler_Table_Limit
00000bf9  __TI_auto_init          
20000208  __TI_cleanup_ptr        
00000f9b  __TI_decompress_none    
00000fdb  __TI_decompress_rle24   
2000020c  __TI_dtors_ptr          
00000000  __TI_static_base__      
00000bf7  __aeabi_idiv0           
00000b7d  __aeabi_memclr          
00000b7d  __aeabi_memclr4         
00000b7d  __aeabi_memclr8         
00000ae1  __aeabi_memcpy          
00000ae1  __aeabi_memcpy4         
00000ae1  __aeabi_memcpy8         
00000b7f  __aeabi_memset          
00000b7f  __aeabi_memset4         
00000b7f  __aeabi_memset8         
00000e3b  __aeabi_uidiv           
00000e3b  __aeabi_uidivmod        
ffffffff  __binit__               
ffffffff  __c_args__              
20000000  __stack                 
00000f49  _args_main              
00000cd1  _c_int00                
20000200  _lock                   
00000f83  _nop                    
00000f7b  _register_lock          
00000f75  _register_unlock        
00000fe1  _system_pre_init        
20000204  _unlock                 
00000db9  abort                   
ffffffff  binit                   
00000d21  copy_in                 
00000dc1  exit                    
00000000  g_pfnVectors            
000006dd  main                    
20000218  main_func_sp            
00000ae1  memcpy                  
00000b85  memset                  


GLOBAL SYMBOLS: SORTED BY Symbol Address 

address   name                    
-------   ----                    
00000000  __TI_static_base__      
00000000  g_pfnVectors            
00000200  __STACK_SIZE            
00000209  UARTStdioConfig         
0000024f  UARTwrite               
00000295  UARTgets                
0000034f  UARTgetc                
00000375  UARTvprintf             
0000066f  UARTprintf              
000006a5  InitConsole             
000006dd  main                    
000008c1  GPIOPadConfigSet        
000009f1  SysCtlClockSet          
00000ae1  __aeabi_memcpy          
00000ae1  __aeabi_memcpy4         
00000ae1  __aeabi_memcpy8         
00000ae1  memcpy                  
00000b7d  __aeabi_memclr          
00000b7d  __aeabi_memclr4         
00000b7d  __aeabi_memclr8         
00000b7f  __aeabi_memset          
00000b7f  __aeabi_memset4         
00000b7f  __aeabi_memset8         
00000b85  memset                  
00000bf7  __aeabi_idiv0           
00000bf9  __TI_auto_init          
00000cd1  _c_int00                
00000d21  copy_in                 
00000d6d  GPIOPinConfigure        
00000db5  C$$EXIT                 
00000db9  abort                   
00000dc1  exit                    
00000df9  UARTConfigSetExpClk     
00000e3b  __aeabi_uidiv           
00000e3b  __aeabi_uidivmod        
00000e7d  SysCtlPeripheralPresent 
00000eb5  SysCtlPeripheralEnable  
00000ee9  GPIODirModeSet          
00000f15  UARTDisable             
00000f31  GPIOPinTypeGPIOOutput   
00000f49  _args_main              
00000f61  UARTEnable              
00000f75  _register_unlock        
00000f7b  _register_lock          
00000f83  _nop                    
00000f89  GPIOPinTypeUART         
00000f9b  __TI_decompress_none    
00000fa9  ResetISR                
00000fb5  UARTCharGet             
00000fbf  UARTCharPut             
00000fc9  GPIOPinWrite            
00000fcf  SysCtlDelay             
00000fd5  UARTClockSourceSet      
00000fdb  __TI_decompress_rle24   
00000fe1  _system_pre_init        
000010e0  __TI_Handler_Table_Base 
000010e8  __TI_CINIT_Base         
000010e8  __TI_Handler_Table_Limit
000010f0  __TI_CINIT_Limit        
20000000  __stack                 
20000200  __STACK_END             
20000200  __STACK_TOP             
20000200  _lock                   
20000204  _unlock                 
20000208  __TI_cleanup_ptr        
2000020c  __TI_dtors_ptr          
20000218  main_func_sp            
ffffffff  __binit__               
ffffffff  __c_args__              
ffffffff  binit                   
UNDEFED   SHT$$INIT_ARRAY$$Base   
UNDEFED   SHT$$INIT_ARRAY$$Limit  

[72 symbols]
