******************************************************************************
                  TI ARM Linker PC v5.2.5                      
******************************************************************************
>> Linked Wed Dec 30 19:26:46 2015

OUTPUT FILE NAME:   <Input-test.out>
ENTRY POINT SYMBOL: "_c_int00"  address: 00000c09


MEMORY CONFIGURATION

         name            origin    length      used     unused   attr    fill
----------------------  --------  ---------  --------  --------  ----  --------
  FLASH                 00000000   00100000  0000101c  000fefe4  R  X
  SRAM                  20000000   00040000  0000021c  0003fde4  RW X


SEGMENT ALLOCATION MAP

run origin  load origin   length   init length attrs members
----------  ----------- ---------- ----------- ----- -------
00000000    00000000    00001020   00001020    r-x
  00000000    00000000    00000208   00000208    r-- .intvecs
  00000208    00000208    00000d0e   00000d0e    r-x .text
  00000f18    00000f18    000000e6   000000e6    r-- .const
  00001000    00001000    00000020   00000020    r-- .cinit
20000000    20000000    0000021c   00000000    rw-
  20000000    20000000    00000200   00000000    rw- .stack
  20000200    20000200    0000001c   00000000    rw- .data


SECTION ALLOCATION MAP

 output                                  attributes/
section   page    origin      length       input sections
--------  ----  ----------  ----------   ----------------
.intvecs   0    00000000    00000208     
                  00000000    00000208     tm4c1294ncpdt_startup_ccs.obj (.intvecs)

.text      0    00000208    00000d0e     
                  00000208    0000049c     uartstdio.obj (.text)
                  000006a4    00000154     main.obj (.text)
                  000007f8    00000130     driverlib.lib : gpio.obj (.text:GPIOPadConfigSet)
                  00000928    000000f0                   : sysctl.obj (.text:SysCtlClockSet)
                  00000a18    0000009c     rtsv7M4_T_le_v4SPD16_eabi.lib : memcpy_t2.obj (.text)
                  00000ab4    0000007a                                   : memset_t2.obj (.text)
                  00000b2e    00000002                                   : i_div0.obj (.text)
                  00000b30    0000006c                                   : autoinit.obj (.text)
                  00000b9c    0000006a                                   : copy_decompress_rle.obj (.text)
                  00000c06    00000002     --HOLE-- [fill = 0]
                  00000c08    00000050                                   : boot.obj (.text)
                  00000c58    0000004c                                   : cpy_tbl.obj (.text)
                  00000ca4    00000048     driverlib.lib : gpio.obj (.text:GPIOPinConfigure)
                  00000cec    00000044     rtsv7M4_T_le_v4SPD16_eabi.lib : exit.obj (.text)
                  00000d30    00000042     driverlib.lib : uart.obj (.text:UARTConfigSetExpClk)
                  00000d72    00000040     rtsv7M4_T_le_v4SPD16_eabi.lib : u_divt2.obj (.text)
                  00000db2    00000002     --HOLE-- [fill = 0]
                  00000db4    00000038     driverlib.lib : sysctl.obj (.text:SysCtlPeripheralPresent)
                  00000dec    00000034                   : sysctl.obj (.text:SysCtlPeripheralEnable)
                  00000e20    0000002a                   : gpio.obj (.text:GPIODirModeSet)
                  00000e4a    00000002     --HOLE-- [fill = 0]
                  00000e4c    0000001c                   : uart.obj (.text:UARTDisable)
                  00000e68    00000018     rtsv7M4_T_le_v4SPD16_eabi.lib : args_main.obj (.text)
                  00000e80    00000014     driverlib.lib : uart.obj (.text:UARTEnable)
                  00000e94    00000014     rtsv7M4_T_le_v4SPD16_eabi.lib : _lock.obj (.text)
                  00000ea8    00000012     driverlib.lib : gpio.obj (.text:GPIOPinTypeGPIOInput)
                  00000eba    00000012                   : gpio.obj (.text:GPIOPinTypeUART)
                  00000ecc    0000000e     rtsv7M4_T_le_v4SPD16_eabi.lib : copy_decompress_none.obj (.text:decompress:none)
                  00000eda    0000000c     tm4c1294ncpdt_startup_ccs.obj (.text)
                  00000ee6    0000000a     driverlib.lib : uart.obj (.text:UARTCharGet)
                  00000ef0    0000000a                   : uart.obj (.text:UARTCharPut)
                  00000efa    00000006                   : gpio.obj (.text:GPIOPinRead)
                  00000f00    00000006                   : sysctl.obj (.text:SysCtlDelay)
                  00000f06    00000006                   : uart.obj (.text:UARTClockSourceSet)
                  00000f0c    00000006     rtsv7M4_T_le_v4SPD16_eabi.lib : copy_decompress_rle.obj (.text:decompress:rle24)
                  00000f12    00000004                                   : pre_init.obj (.text)

.const     0    00000f18    000000e6     
                  00000f18    00000090     driverlib.lib : gpio.obj (.const:g_pui32GPIOBaseAddrs)
                  00000fa8    00000044     uartstdio.obj (.const)
                  00000fec    00000012     uartstdio.obj (.const:.string)

.cinit     0    00001000    00000020     
                  00001000    0000000f     (.cinit..data.load) [load image, compression = rle]
                  0000100f    00000001     --HOLE-- [fill = 0]
                  00001010    00000008     (__TI_handler_table)
                  00001018    00000008     (__TI_cinit_table)

.init_array 
*          0    00000000    00000000     UNINITIALIZED

.stack     0    20000000    00000200     UNINITIALIZED
                  20000000    00000200     --HOLE--

.data      0    20000200    0000001c     UNINITIALIZED
                  20000200    00000008     rtsv7M4_T_le_v4SPD16_eabi.lib : _lock.obj (.data)
                  20000208    00000008                                   : exit.obj (.data)
                  20000210    00000005     uartstdio.obj (.data)
                  20000215    00000003     --HOLE--
                  20000218    00000004     rtsv7M4_T_le_v4SPD16_eabi.lib : stkdepth_vars.obj (.data)

.TI.persistent 
*          0    20000200    00000000     UNINITIALIZED


LINKER GENERATED COPY TABLES

__TI_cinit_table @ 00001018 records: 1, size/record: 8, table size: 8
	.data: load addr=00001000, load size=0000000f bytes, run addr=20000200, run size=0000001c bytes, compression=rle


LINKER GENERATED HANDLER TABLE

__TI_handler_table @ 00001010 records: 2, size/record: 4, table size: 8
	index: 0, handler: __TI_decompress_rle24
	index: 1, handler: __TI_decompress_none


GLOBAL SYMBOLS: SORTED ALPHABETICALLY BY Name 

address   name                    
-------   ----                    
00000ced  C$$EXIT                 
00000e21  GPIODirModeSet          
000007f9  GPIOPadConfigSet        
00000ca5  GPIOPinConfigure        
00000efb  GPIOPinRead             
00000ea9  GPIOPinTypeGPIOInput    
00000ebb  GPIOPinTypeUART         
000006a5  InitConsole             
00000edb  ResetISR                
UNDEFED   SHT$$INIT_ARRAY$$Base   
UNDEFED   SHT$$INIT_ARRAY$$Limit  
00000929  SysCtlClockSet          
00000f01  SysCtlDelay             
00000ded  SysCtlPeripheralEnable  
00000db5  SysCtlPeripheralPresent 
00000ee7  UARTCharGet             
00000ef1  UARTCharPut             
00000f07  UARTClockSourceSet      
00000d31  UARTConfigSetExpClk     
00000e4d  UARTDisable             
00000e81  UARTEnable              
00000209  UARTStdioConfig         
0000034f  UARTgetc                
00000295  UARTgets                
0000066f  UARTprintf              
00000375  UARTvprintf             
0000024f  UARTwrite               
20000200  __STACK_END             
00000200  __STACK_SIZE            
20000200  __STACK_TOP             
00001018  __TI_CINIT_Base         
00001020  __TI_CINIT_Limit        
00001010  __TI_Handler_Table_Base 
00001018  __TI_Handler_Table_Limit
00000b31  __TI_auto_init          
20000208  __TI_cleanup_ptr        
00000ecd  __TI_decompress_none    
00000f0d  __TI_decompress_rle24   
2000020c  __TI_dtors_ptr          
00000000  __TI_static_base__      
00000b2f  __aeabi_idiv0           
00000ab5  __aeabi_memclr          
00000ab5  __aeabi_memclr4         
00000ab5  __aeabi_memclr8         
00000a19  __aeabi_memcpy          
00000a19  __aeabi_memcpy4         
00000a19  __aeabi_memcpy8         
00000ab7  __aeabi_memset          
00000ab7  __aeabi_memset4         
00000ab7  __aeabi_memset8         
00000d73  __aeabi_uidiv           
00000d73  __aeabi_uidivmod        
ffffffff  __binit__               
ffffffff  __c_args__              
20000000  __stack                 
00000e69  _args_main              
00000c09  _c_int00                
20000200  _lock                   
00000ea3  _nop                    
00000e9b  _register_lock          
00000e95  _register_unlock        
00000f13  _system_pre_init        
20000204  _unlock                 
00000cf1  abort                   
ffffffff  binit                   
00000c59  copy_in                 
00000cf9  exit                    
00000000  g_pfnVectors            
000006dd  main                    
20000218  main_func_sp            
00000a19  memcpy                  
00000abd  memset                  


GLOBAL SYMBOLS: SORTED BY Symbol Address 

address   name                    
-------   ----                    
00000000  __TI_static_base__      
00000000  g_pfnVectors            
00000200  __STACK_SIZE            
00000209  UARTStdioConfig         
0000024f  UARTwrite               
00000295  UARTgets                
0000034f  UARTgetc                
00000375  UARTvprintf             
0000066f  UARTprintf              
000006a5  InitConsole             
000006dd  main                    
000007f9  GPIOPadConfigSet        
00000929  SysCtlClockSet          
00000a19  __aeabi_memcpy          
00000a19  __aeabi_memcpy4         
00000a19  __aeabi_memcpy8         
00000a19  memcpy                  
00000ab5  __aeabi_memclr          
00000ab5  __aeabi_memclr4         
00000ab5  __aeabi_memclr8         
00000ab7  __aeabi_memset          
00000ab7  __aeabi_memset4         
00000ab7  __aeabi_memset8         
00000abd  memset                  
00000b2f  __aeabi_idiv0           
00000b31  __TI_auto_init          
00000c09  _c_int00                
00000c59  copy_in                 
00000ca5  GPIOPinConfigure        
00000ced  C$$EXIT                 
00000cf1  abort                   
00000cf9  exit                    
00000d31  UARTConfigSetExpClk     
00000d73  __aeabi_uidiv           
00000d73  __aeabi_uidivmod        
00000db5  SysCtlPeripheralPresent 
00000ded  SysCtlPeripheralEnable  
00000e21  GPIODirModeSet          
00000e4d  UARTDisable             
00000e69  _args_main              
00000e81  UARTEnable              
00000e95  _register_unlock        
00000e9b  _register_lock          
00000ea3  _nop                    
00000ea9  GPIOPinTypeGPIOInput    
00000ebb  GPIOPinTypeUART         
00000ecd  __TI_decompress_none    
00000edb  ResetISR                
00000ee7  UARTCharGet             
00000ef1  UARTCharPut             
00000efb  GPIOPinRead             
00000f01  SysCtlDelay             
00000f07  UARTClockSourceSet      
00000f0d  __TI_decompress_rle24   
00000f13  _system_pre_init        
00001010  __TI_Handler_Table_Base 
00001018  __TI_CINIT_Base         
00001018  __TI_Handler_Table_Limit
00001020  __TI_CINIT_Limit        
20000000  __stack                 
20000200  __STACK_END             
20000200  __STACK_TOP             
20000200  _lock                   
20000204  _unlock                 
20000208  __TI_cleanup_ptr        
2000020c  __TI_dtors_ptr          
20000218  main_func_sp            
ffffffff  __binit__               
ffffffff  __c_args__              
ffffffff  binit                   
UNDEFED   SHT$$INIT_ARRAY$$Base   
UNDEFED   SHT$$INIT_ARRAY$$Limit  

[72 symbols]
