******************************************************************************
                  TI ARM Linker PC v5.2.5                      
******************************************************************************
>> Linked Mon Jan 04 18:37:51 2016

OUTPUT FILE NAME:   <Input-test.out>
ENTRY POINT SYMBOL: "_c_int00"  address: 00000c75


MEMORY CONFIGURATION

         name            origin    length      used     unused   attr    fill
----------------------  --------  ---------  --------  --------  ----  --------
  FLASH                 00000000   00100000  000010a0  000fef60  R  X
  SRAM                  20000000   00040000  0000021c  0003fde4  RW X


SEGMENT ALLOCATION MAP

run origin  load origin   length   init length attrs members
----------  ----------- ---------- ----------- ----- -------
00000000    00000000    000010a8   000010a8    r-x
  00000000    00000000    00000208   00000208    r-- .intvecs
  00000208    00000208    00000d92   00000d92    r-x .text
  00000f9c    00000f9c    000000e6   000000e6    r-- .const
  00001088    00001088    00000020   00000020    r-- .cinit
20000000    20000000    0000021c   00000000    rw-
  20000000    20000000    00000200   00000000    rw- .stack
  20000200    20000200    0000001c   00000000    rw- .data


SECTION ALLOCATION MAP

 output                                  attributes/
section   page    origin      length       input sections
--------  ----  ----------  ----------   ----------------
.intvecs   0    00000000    00000208     
                  00000000    00000208     tm4c1294ncpdt_startup_ccs.obj (.intvecs)

.text      0    00000208    00000d92     
                  00000208    0000049c     uartstdio.obj (.text)
                  000006a4    000001c0     main.obj (.text)
                  00000864    00000130     driverlib.lib : gpio.obj (.text:GPIOPadConfigSet)
                  00000994    000000f0                   : sysctl.obj (.text:SysCtlClockSet)
                  00000a84    0000009c     rtsv7M4_T_le_v4SPD16_eabi.lib : memcpy_t2.obj (.text)
                  00000b20    0000007a                                   : memset_t2.obj (.text)
                  00000b9a    00000002                                   : i_div0.obj (.text)
                  00000b9c    0000006c                                   : autoinit.obj (.text)
                  00000c08    0000006a                                   : copy_decompress_rle.obj (.text)
                  00000c72    00000002     --HOLE-- [fill = 0]
                  00000c74    00000050                                   : boot.obj (.text)
                  00000cc4    0000004c                                   : cpy_tbl.obj (.text)
                  00000d10    00000048     driverlib.lib : gpio.obj (.text:GPIOPinConfigure)
                  00000d58    00000044     rtsv7M4_T_le_v4SPD16_eabi.lib : exit.obj (.text)
                  00000d9c    00000042     driverlib.lib : uart.obj (.text:UARTConfigSetExpClk)
                  00000dde    00000040     rtsv7M4_T_le_v4SPD16_eabi.lib : u_divt2.obj (.text)
                  00000e1e    00000002     --HOLE-- [fill = 0]
                  00000e20    00000038     driverlib.lib : sysctl.obj (.text:SysCtlPeripheralPresent)
                  00000e58    00000034                   : sysctl.obj (.text:SysCtlPeripheralEnable)
                  00000e8c    0000002a                   : gpio.obj (.text:GPIODirModeSet)
                  00000eb6    00000002     --HOLE-- [fill = 0]
                  00000eb8    0000001c                   : uart.obj (.text:UARTDisable)
                  00000ed4    00000018                   : gpio.obj (.text:GPIOPinTypeGPIOOutput)
                  00000eec    00000018     rtsv7M4_T_le_v4SPD16_eabi.lib : args_main.obj (.text)
                  00000f04    00000014     driverlib.lib : uart.obj (.text:UARTEnable)
                  00000f18    00000014     rtsv7M4_T_le_v4SPD16_eabi.lib : _lock.obj (.text)
                  00000f2c    00000012     driverlib.lib : gpio.obj (.text:GPIOPinTypeGPIOInput)
                  00000f3e    00000012                   : gpio.obj (.text:GPIOPinTypeUART)
                  00000f50    0000000e     rtsv7M4_T_le_v4SPD16_eabi.lib : copy_decompress_none.obj (.text:decompress:none)
                  00000f5e    0000000c     tm4c1294ncpdt_startup_ccs.obj (.text)
                  00000f6a    0000000a     driverlib.lib : uart.obj (.text:UARTCharGet)
                  00000f74    0000000a                   : uart.obj (.text:UARTCharPut)
                  00000f7e    00000006                   : gpio.obj (.text:GPIOPinRead)
                  00000f84    00000006                   : sysctl.obj (.text:SysCtlDelay)
                  00000f8a    00000006                   : uart.obj (.text:UARTClockSourceSet)
                  00000f90    00000006     rtsv7M4_T_le_v4SPD16_eabi.lib : copy_decompress_rle.obj (.text:decompress:rle24)
                  00000f96    00000004                                   : pre_init.obj (.text)

.const     0    00000f9c    000000e6     
                  00000f9c    00000090     driverlib.lib : gpio.obj (.const:g_pui32GPIOBaseAddrs)
                  0000102c    00000044     uartstdio.obj (.const)
                  00001070    00000012     uartstdio.obj (.const:.string)

.cinit     0    00001088    00000020     
                  00001088    0000000f     (.cinit..data.load) [load image, compression = rle]
                  00001097    00000001     --HOLE-- [fill = 0]
                  00001098    00000008     (__TI_handler_table)
                  000010a0    00000008     (__TI_cinit_table)

.init_array 
*          0    00000000    00000000     UNINITIALIZED

.stack     0    20000000    00000200     UNINITIALIZED
                  20000000    00000200     --HOLE--

.data      0    20000200    0000001c     UNINITIALIZED
                  20000200    00000008     rtsv7M4_T_le_v4SPD16_eabi.lib : _lock.obj (.data)
                  20000208    00000008                                   : exit.obj (.data)
                  20000210    00000005     uartstdio.obj (.data)
                  20000215    00000003     --HOLE--
                  20000218    00000004     rtsv7M4_T_le_v4SPD16_eabi.lib : stkdepth_vars.obj (.data)

.TI.persistent 
*          0    20000200    00000000     UNINITIALIZED


LINKER GENERATED COPY TABLES

__TI_cinit_table @ 000010a0 records: 1, size/record: 8, table size: 8
	.data: load addr=00001088, load size=0000000f bytes, run addr=20000200, run size=0000001c bytes, compression=rle


LINKER GENERATED HANDLER TABLE

__TI_handler_table @ 00001098 records: 2, size/record: 4, table size: 8
	index: 0, handler: __TI_decompress_rle24
	index: 1, handler: __TI_decompress_none


GLOBAL SYMBOLS: SORTED ALPHABETICALLY BY Name 

address   name                    
-------   ----                    
00000d59  C$$EXIT                 
00000e8d  GPIODirModeSet          
00000865  GPIOPadConfigSet        
00000d11  GPIOPinConfigure        
00000f7f  GPIOPinRead             
00000f2d  GPIOPinTypeGPIOInput    
00000ed5  GPIOPinTypeGPIOOutput   
00000f3f  GPIOPinTypeUART         
000006a5  InitConsole             
00000f5f  ResetISR                
UNDEFED   SHT$$INIT_ARRAY$$Base   
UNDEFED   SHT$$INIT_ARRAY$$Limit  
00000995  SysCtlClockSet          
00000f85  SysCtlDelay             
00000e59  SysCtlPeripheralEnable  
00000e21  SysCtlPeripheralPresent 
00000f6b  UARTCharGet             
00000f75  UARTCharPut             
00000f8b  UARTClockSourceSet      
00000d9d  UARTConfigSetExpClk     
00000eb9  UARTDisable             
00000f05  UARTEnable              
00000209  UARTStdioConfig         
0000034f  UARTgetc                
00000295  UARTgets                
0000066f  UARTprintf              
00000375  UARTvprintf             
0000024f  UARTwrite               
20000200  __STACK_END             
00000200  __STACK_SIZE            
20000200  __STACK_TOP             
000010a0  __TI_CINIT_Base         
000010a8  __TI_CINIT_Limit        
00001098  __TI_Handler_Table_Base 
000010a0  __TI_Handler_Table_Limit
00000b9d  __TI_auto_init          
20000208  __TI_cleanup_ptr        
00000f51  __TI_decompress_none    
00000f91  __TI_decompress_rle24   
2000020c  __TI_dtors_ptr          
00000000  __TI_static_base__      
00000b9b  __aeabi_idiv0           
00000b21  __aeabi_memclr          
00000b21  __aeabi_memclr4         
00000b21  __aeabi_memclr8         
00000a85  __aeabi_memcpy          
00000a85  __aeabi_memcpy4         
00000a85  __aeabi_memcpy8         
00000b23  __aeabi_memset          
00000b23  __aeabi_memset4         
00000b23  __aeabi_memset8         
00000ddf  __aeabi_uidiv           
00000ddf  __aeabi_uidivmod        
ffffffff  __binit__               
ffffffff  __c_args__              
20000000  __stack                 
00000eed  _args_main              
00000c75  _c_int00                
20000200  _lock                   
00000f27  _nop                    
00000f1f  _register_lock          
00000f19  _register_unlock        
00000f97  _system_pre_init        
20000204  _unlock                 
00000d5d  abort                   
ffffffff  binit                   
00000cc5  copy_in                 
00000d65  exit                    
00000000  g_pfnVectors            
000006dd  main                    
20000218  main_func_sp            
00000a85  memcpy                  
00000b29  memset                  


GLOBAL SYMBOLS: SORTED BY Symbol Address 

address   name                    
-------   ----                    
00000000  __TI_static_base__      
00000000  g_pfnVectors            
00000200  __STACK_SIZE            
00000209  UARTStdioConfig         
0000024f  UARTwrite               
00000295  UARTgets                
0000034f  UARTgetc                
00000375  UARTvprintf             
0000066f  UARTprintf              
000006a5  InitConsole             
000006dd  main                    
00000865  GPIOPadConfigSet        
00000995  SysCtlClockSet          
00000a85  __aeabi_memcpy          
00000a85  __aeabi_memcpy4         
00000a85  __aeabi_memcpy8         
00000a85  memcpy                  
00000b21  __aeabi_memclr          
00000b21  __aeabi_memclr4         
00000b21  __aeabi_memclr8         
00000b23  __aeabi_memset          
00000b23  __aeabi_memset4         
00000b23  __aeabi_memset8         
00000b29  memset                  
00000b9b  __aeabi_idiv0           
00000b9d  __TI_auto_init          
00000c75  _c_int00                
00000cc5  copy_in                 
00000d11  GPIOPinConfigure        
00000d59  C$$EXIT                 
00000d5d  abort                   
00000d65  exit                    
00000d9d  UARTConfigSetExpClk     
00000ddf  __aeabi_uidiv           
00000ddf  __aeabi_uidivmod        
00000e21  SysCtlPeripheralPresent 
00000e59  SysCtlPeripheralEnable  
00000e8d  GPIODirModeSet          
00000eb9  UARTDisable             
00000ed5  GPIOPinTypeGPIOOutput   
00000eed  _args_main              
00000f05  UARTEnable              
00000f19  _register_unlock        
00000f1f  _register_lock          
00000f27  _nop                    
00000f2d  GPIOPinTypeGPIOInput    
00000f3f  GPIOPinTypeUART         
00000f51  __TI_decompress_none    
00000f5f  ResetISR                
00000f6b  UARTCharGet             
00000f75  UARTCharPut             
00000f7f  GPIOPinRead             
00000f85  SysCtlDelay             
00000f8b  UARTClockSourceSet      
00000f91  __TI_decompress_rle24   
00000f97  _system_pre_init        
00001098  __TI_Handler_Table_Base 
000010a0  __TI_CINIT_Base         
000010a0  __TI_Handler_Table_Limit
000010a8  __TI_CINIT_Limit        
20000000  __stack                 
20000200  __STACK_END             
20000200  __STACK_TOP             
20000200  _lock                   
20000204  _unlock                 
20000208  __TI_cleanup_ptr        
2000020c  __TI_dtors_ptr          
20000218  main_func_sp            
ffffffff  __binit__               
ffffffff  __c_args__              
ffffffff  binit                   
UNDEFED   SHT$$INIT_ARRAY$$Base   
UNDEFED   SHT$$INIT_ARRAY$$Limit  

[73 symbols]
