******************************************************************************
                  TI ARM Linker PC v5.2.5                      
******************************************************************************
>> Linked Thu Dec 31 14:16:14 2015

OUTPUT FILE NAME:   <Input-test.out>
ENTRY POINT SYMBOL: "_c_int00"  address: 00000c49


MEMORY CONFIGURATION

         name            origin    length      used     unused   attr    fill
----------------------  --------  ---------  --------  --------  ----  --------
  FLASH                 00000000   00100000  00001074  000fef8c  R  X
  SRAM                  20000000   00040000  0000021c  0003fde4  RW X


SEGMENT ALLOCATION MAP

run origin  load origin   length   init length attrs members
----------  ----------- ---------- ----------- ----- -------
00000000    00000000    00001078   00001078    r-x
  00000000    00000000    00000208   00000208    r-- .intvecs
  00000208    00000208    00000d66   00000d66    r-x .text
  00000f70    00000f70    000000e6   000000e6    r-- .const
  00001058    00001058    00000020   00000020    r-- .cinit
20000000    20000000    0000021c   00000000    rw-
  20000000    20000000    00000200   00000000    rw- .stack
  20000200    20000200    0000001c   00000000    rw- .data


SECTION ALLOCATION MAP

 output                                  attributes/
section   page    origin      length       input sections
--------  ----  ----------  ----------   ----------------
.intvecs   0    00000000    00000208     
                  00000000    00000208     tm4c1294ncpdt_startup_ccs.obj (.intvecs)

.text      0    00000208    00000d66     
                  00000208    0000049c     uartstdio.obj (.text)
                  000006a4    00000194     main.obj (.text)
                  00000838    00000130     driverlib.lib : gpio.obj (.text:GPIOPadConfigSet)
                  00000968    000000f0                   : sysctl.obj (.text:SysCtlClockSet)
                  00000a58    0000009c     rtsv7M4_T_le_v4SPD16_eabi.lib : memcpy_t2.obj (.text)
                  00000af4    0000007a                                   : memset_t2.obj (.text)
                  00000b6e    00000002                                   : i_div0.obj (.text)
                  00000b70    0000006c                                   : autoinit.obj (.text)
                  00000bdc    0000006a                                   : copy_decompress_rle.obj (.text)
                  00000c46    00000002     --HOLE-- [fill = 0]
                  00000c48    00000050                                   : boot.obj (.text)
                  00000c98    0000004c                                   : cpy_tbl.obj (.text)
                  00000ce4    00000048     driverlib.lib : gpio.obj (.text:GPIOPinConfigure)
                  00000d2c    00000044     rtsv7M4_T_le_v4SPD16_eabi.lib : exit.obj (.text)
                  00000d70    00000042     driverlib.lib : uart.obj (.text:UARTConfigSetExpClk)
                  00000db2    00000040     rtsv7M4_T_le_v4SPD16_eabi.lib : u_divt2.obj (.text)
                  00000df2    00000002     --HOLE-- [fill = 0]
                  00000df4    00000038     driverlib.lib : sysctl.obj (.text:SysCtlPeripheralPresent)
                  00000e2c    00000034                   : sysctl.obj (.text:SysCtlPeripheralEnable)
                  00000e60    0000002a                   : gpio.obj (.text:GPIODirModeSet)
                  00000e8a    00000002     --HOLE-- [fill = 0]
                  00000e8c    0000001c                   : uart.obj (.text:UARTDisable)
                  00000ea8    00000018                   : gpio.obj (.text:GPIOPinTypeGPIOOutput)
                  00000ec0    00000018     rtsv7M4_T_le_v4SPD16_eabi.lib : args_main.obj (.text)
                  00000ed8    00000014     driverlib.lib : uart.obj (.text:UARTEnable)
                  00000eec    00000014     rtsv7M4_T_le_v4SPD16_eabi.lib : _lock.obj (.text)
                  00000f00    00000012     driverlib.lib : gpio.obj (.text:GPIOPinTypeGPIOInput)
                  00000f12    00000012                   : gpio.obj (.text:GPIOPinTypeUART)
                  00000f24    0000000e     rtsv7M4_T_le_v4SPD16_eabi.lib : copy_decompress_none.obj (.text:decompress:none)
                  00000f32    0000000c     tm4c1294ncpdt_startup_ccs.obj (.text)
                  00000f3e    0000000a     driverlib.lib : uart.obj (.text:UARTCharGet)
                  00000f48    0000000a                   : uart.obj (.text:UARTCharPut)
                  00000f52    00000006                   : gpio.obj (.text:GPIOPinRead)
                  00000f58    00000006                   : sysctl.obj (.text:SysCtlDelay)
                  00000f5e    00000006                   : uart.obj (.text:UARTClockSourceSet)
                  00000f64    00000006     rtsv7M4_T_le_v4SPD16_eabi.lib : copy_decompress_rle.obj (.text:decompress:rle24)
                  00000f6a    00000004                                   : pre_init.obj (.text)

.const     0    00000f70    000000e6     
                  00000f70    00000090     driverlib.lib : gpio.obj (.const:g_pui32GPIOBaseAddrs)
                  00001000    00000044     uartstdio.obj (.const)
                  00001044    00000012     uartstdio.obj (.const:.string)

.cinit     0    00001058    00000020     
                  00001058    0000000f     (.cinit..data.load) [load image, compression = rle]
                  00001067    00000001     --HOLE-- [fill = 0]
                  00001068    00000008     (__TI_handler_table)
                  00001070    00000008     (__TI_cinit_table)

.init_array 
*          0    00000000    00000000     UNINITIALIZED

.stack     0    20000000    00000200     UNINITIALIZED
                  20000000    00000200     --HOLE--

.data      0    20000200    0000001c     UNINITIALIZED
                  20000200    00000008     rtsv7M4_T_le_v4SPD16_eabi.lib : _lock.obj (.data)
                  20000208    00000008                                   : exit.obj (.data)
                  20000210    00000005     uartstdio.obj (.data)
                  20000215    00000003     --HOLE--
                  20000218    00000004     rtsv7M4_T_le_v4SPD16_eabi.lib : stkdepth_vars.obj (.data)

.TI.persistent 
*          0    20000200    00000000     UNINITIALIZED


LINKER GENERATED COPY TABLES

__TI_cinit_table @ 00001070 records: 1, size/record: 8, table size: 8
	.data: load addr=00001058, load size=0000000f bytes, run addr=20000200, run size=0000001c bytes, compression=rle


LINKER GENERATED HANDLER TABLE

__TI_handler_table @ 00001068 records: 2, size/record: 4, table size: 8
	index: 0, handler: __TI_decompress_rle24
	index: 1, handler: __TI_decompress_none


GLOBAL SYMBOLS: SORTED ALPHABETICALLY BY Name 

address   name                    
-------   ----                    
00000d2d  C$$EXIT                 
00000e61  GPIODirModeSet          
00000839  GPIOPadConfigSet        
00000ce5  GPIOPinConfigure        
00000f53  GPIOPinRead             
00000f01  GPIOPinTypeGPIOInput    
00000ea9  GPIOPinTypeGPIOOutput   
00000f13  GPIOPinTypeUART         
000006a5  InitConsole             
00000f33  ResetISR                
UNDEFED   SHT$$INIT_ARRAY$$Base   
UNDEFED   SHT$$INIT_ARRAY$$Limit  
00000969  SysCtlClockSet          
00000f59  SysCtlDelay             
00000e2d  SysCtlPeripheralEnable  
00000df5  SysCtlPeripheralPresent 
00000f3f  UARTCharGet             
00000f49  UARTCharPut             
00000f5f  UARTClockSourceSet      
00000d71  UARTConfigSetExpClk     
00000e8d  UARTDisable             
00000ed9  UARTEnable              
00000209  UARTStdioConfig         
0000034f  UARTgetc                
00000295  UARTgets                
0000066f  UARTprintf              
00000375  UARTvprintf             
0000024f  UARTwrite               
20000200  __STACK_END             
00000200  __STACK_SIZE            
20000200  __STACK_TOP             
00001070  __TI_CINIT_Base         
00001078  __TI_CINIT_Limit        
00001068  __TI_Handler_Table_Base 
00001070  __TI_Handler_Table_Limit
00000b71  __TI_auto_init          
20000208  __TI_cleanup_ptr        
00000f25  __TI_decompress_none    
00000f65  __TI_decompress_rle24   
2000020c  __TI_dtors_ptr          
00000000  __TI_static_base__      
00000b6f  __aeabi_idiv0           
00000af5  __aeabi_memclr          
00000af5  __aeabi_memclr4         
00000af5  __aeabi_memclr8         
00000a59  __aeabi_memcpy          
00000a59  __aeabi_memcpy4         
00000a59  __aeabi_memcpy8         
00000af7  __aeabi_memset          
00000af7  __aeabi_memset4         
00000af7  __aeabi_memset8         
00000db3  __aeabi_uidiv           
00000db3  __aeabi_uidivmod        
ffffffff  __binit__               
ffffffff  __c_args__              
20000000  __stack                 
00000ec1  _args_main              
00000c49  _c_int00                
20000200  _lock                   
00000efb  _nop                    
00000ef3  _register_lock          
00000eed  _register_unlock        
00000f6b  _system_pre_init        
20000204  _unlock                 
00000d31  abort                   
ffffffff  binit                   
00000c99  copy_in                 
00000d39  exit                    
00000000  g_pfnVectors            
000006dd  main                    
20000218  main_func_sp            
00000a59  memcpy                  
00000afd  memset                  


GLOBAL SYMBOLS: SORTED BY Symbol Address 

address   name                    
-------   ----                    
00000000  __TI_static_base__      
00000000  g_pfnVectors            
00000200  __STACK_SIZE            
00000209  UARTStdioConfig         
0000024f  UARTwrite               
00000295  UARTgets                
0000034f  UARTgetc                
00000375  UARTvprintf             
0000066f  UARTprintf              
000006a5  InitConsole             
000006dd  main                    
00000839  GPIOPadConfigSet        
00000969  SysCtlClockSet          
00000a59  __aeabi_memcpy          
00000a59  __aeabi_memcpy4         
00000a59  __aeabi_memcpy8         
00000a59  memcpy                  
00000af5  __aeabi_memclr          
00000af5  __aeabi_memclr4         
00000af5  __aeabi_memclr8         
00000af7  __aeabi_memset          
00000af7  __aeabi_memset4         
00000af7  __aeabi_memset8         
00000afd  memset                  
00000b6f  __aeabi_idiv0           
00000b71  __TI_auto_init          
00000c49  _c_int00                
00000c99  copy_in                 
00000ce5  GPIOPinConfigure        
00000d2d  C$$EXIT                 
00000d31  abort                   
00000d39  exit                    
00000d71  UARTConfigSetExpClk     
00000db3  __aeabi_uidiv           
00000db3  __aeabi_uidivmod        
00000df5  SysCtlPeripheralPresent 
00000e2d  SysCtlPeripheralEnable  
00000e61  GPIODirModeSet          
00000e8d  UARTDisable             
00000ea9  GPIOPinTypeGPIOOutput   
00000ec1  _args_main              
00000ed9  UARTEnable              
00000eed  _register_unlock        
00000ef3  _register_lock          
00000efb  _nop                    
00000f01  GPIOPinTypeGPIOInput    
00000f13  GPIOPinTypeUART         
00000f25  __TI_decompress_none    
00000f33  ResetISR                
00000f3f  UARTCharGet             
00000f49  UARTCharPut             
00000f53  GPIOPinRead             
00000f59  SysCtlDelay             
00000f5f  UARTClockSourceSet      
00000f65  __TI_decompress_rle24   
00000f6b  _system_pre_init        
00001068  __TI_Handler_Table_Base 
00001070  __TI_CINIT_Base         
00001070  __TI_Handler_Table_Limit
00001078  __TI_CINIT_Limit        
20000000  __stack                 
20000200  __STACK_END             
20000200  __STACK_TOP             
20000200  _lock                   
20000204  _unlock                 
20000208  __TI_cleanup_ptr        
2000020c  __TI_dtors_ptr          
20000218  main_func_sp            
ffffffff  __binit__               
ffffffff  __c_args__              
ffffffff  binit                   
UNDEFED   SHT$$INIT_ARRAY$$Base   
UNDEFED   SHT$$INIT_ARRAY$$Limit  

[73 symbols]
