******************************************************************************
                  TI ARM Linker PC v5.2.5                      
******************************************************************************
>> Linked Tue Jan 12 15:34:05 2016

OUTPUT FILE NAME:   <UART5_ECHO.out>
ENTRY POINT SYMBOL: "_c_int00"  address: 00000a4d


MEMORY CONFIGURATION

         name            origin    length      used     unused   attr    fill
----------------------  --------  ---------  --------  --------  ----  --------
  FLASH                 00000000   00100000  00000e9a  000ff166  R  X
  SRAM                  20000000   00040000  0000281c  0003d7e4  RW X


SEGMENT ALLOCATION MAP

run origin  load origin   length   init length attrs members
----------  ----------- ---------- ----------- ----- -------
00000000    00000000    00000ea0   00000ea0    r-x
  00000000    00000000    00000200   00000200    r-- .intvecs
  00000200    00000200    00000b94   00000b94    r-x .text
  00000d94    00000d94    000000e6   000000e6    r-- .const
  00000e80    00000e80    00000020   00000020    r-- .cinit
20000000    20000000    0000281c   00000000    rw-
  20000000    20000000    00002800   00000000    rw- .stack
  20002800    20002800    0000001c   00000000    rw- .data


SECTION ALLOCATION MAP

 output                                  attributes/
section   page    origin      length       input sections
--------  ----  ----------  ----------   ----------------
.intvecs   0    00000000    00000200     
                  00000000    00000200     startup_ccs.obj (.intvecs)

.text      0    00000200    00000b94     
                  00000200    000001ea     uartstdio.obj (.text:UARTvprintf)
                  000003ea    00000130     driverlib.lib : gpio.obj (.text:GPIOPadConfigSet)
                  0000051a    00000002     startup_ccs.obj (.text:FaultISR)
                  0000051c    00000100     main.obj (.text:main)
                  0000061c    000000f0     driverlib.lib : sysctl.obj (.text:SysCtlClockSet)
                  0000070c    0000009c     main.obj (.text:ConfigureUARTs)
                  000007a8    0000009c     rtsv7M4_T_le_v4SPD16_eabi.lib : memcpy_t2.obj (.text)
                  00000844    0000007a                                   : memset_t2.obj (.text)
                  000008be    00000002     startup_ccs.obj (.text:IntDefaultHandler)
                  000008c0    0000006c     rtsv7M4_T_le_v4SPD16_eabi.lib : autoinit.obj (.text)
                  0000092c    0000006a                                   : copy_decompress_rle.obj (.text)
                  00000996    00000002     startup_ccs.obj (.text:NmiSR)
                  00000998    00000060     uartstdio.obj (.text:UARTStdioConfig)
                  000009f8    00000054     main.obj (.text:InitConsole)
                  00000a4c    00000050     rtsv7M4_T_le_v4SPD16_eabi.lib : boot.obj (.text)
                  00000a9c    0000004c                                   : cpy_tbl.obj (.text)
                  00000ae8    00000048     driverlib.lib : gpio.obj (.text:GPIOPinConfigure)
                  00000b30    00000048     uartstdio.obj (.text:UARTwrite)
                  00000b78    00000044     rtsv7M4_T_le_v4SPD16_eabi.lib : exit.obj (.text)
                  00000bbc    00000042     driverlib.lib : uart.obj (.text:UARTConfigSetExpClk)
                  00000bfe    00000040     rtsv7M4_T_le_v4SPD16_eabi.lib : u_divt2.obj (.text)
                  00000c3e    00000002                                   : i_div0.obj (.text)
                  00000c40    00000034     driverlib.lib : sysctl.obj (.text:SysCtlPeripheralEnable)
                  00000c74    0000002c     main.obj (.text:Any_UARTPrintln)
                  00000ca0    0000002a     driverlib.lib : gpio.obj (.text:GPIODirModeSet)
                  00000cca    00000002     --HOLE-- [fill = 0]
                  00000ccc    0000001c                   : uart.obj (.text:UARTDisable)
                  00000ce8    0000001a     uartstdio.obj (.text:UARTprintf)
                  00000d02    00000002     --HOLE-- [fill = 0]
                  00000d04    00000018     rtsv7M4_T_le_v4SPD16_eabi.lib : args_main.obj (.text)
                  00000d1c    00000014     driverlib.lib : uart.obj (.text:UARTEnable)
                  00000d30    00000014     rtsv7M4_T_le_v4SPD16_eabi.lib : _lock.obj (.text)
                  00000d44    00000012     driverlib.lib : gpio.obj (.text:GPIOPinTypeUART)
                  00000d56    0000000e     rtsv7M4_T_le_v4SPD16_eabi.lib : copy_decompress_none.obj (.text:decompress:none)
                  00000d64    0000000a     driverlib.lib : uart.obj (.text:UARTCharGet)
                  00000d6e    0000000a                   : uart.obj (.text:UARTCharPut)
                  00000d78    00000006     startup_ccs.obj (.text:ResetISR)
                  00000d7e    00000006     driverlib.lib : sysctl.obj (.text:SysCtlDelay)
                  00000d84    00000006                   : uart.obj (.text:UARTClockSourceSet)
                  00000d8a    00000006     rtsv7M4_T_le_v4SPD16_eabi.lib : copy_decompress_rle.obj (.text:decompress:rle24)
                  00000d90    00000004                                   : pre_init.obj (.text)

.const     0    00000d94    000000e6     
                  00000d94    00000090     driverlib.lib : gpio.obj (.const:g_pui32GPIOBaseAddrs)
                  00000e24    00000044     uartstdio.obj (.const)
                  00000e68    00000012     uartstdio.obj (.const:.string)

.cinit     0    00000e80    00000020     
                  00000e80    0000000f     (.cinit..data.load) [load image, compression = rle]
                  00000e8f    00000001     --HOLE-- [fill = 0]
                  00000e90    00000008     (__TI_handler_table)
                  00000e98    00000008     (__TI_cinit_table)

.init_array 
*          0    00000000    00000000     UNINITIALIZED

.stack     0    20000000    00002800     UNINITIALIZED
                  20000000    00002800     --HOLE--

.data      0    20002800    0000001c     UNINITIALIZED
                  20002800    00000008     rtsv7M4_T_le_v4SPD16_eabi.lib : _lock.obj (.data)
                  20002808    00000008                                   : exit.obj (.data)
                  20002810    00000005     uartstdio.obj (.data)
                  20002815    00000003     --HOLE--
                  20002818    00000004     rtsv7M4_T_le_v4SPD16_eabi.lib : stkdepth_vars.obj (.data)

.TI.persistent 
*          0    20002800    00000000     UNINITIALIZED


LINKER GENERATED COPY TABLES

__TI_cinit_table @ 00000e98 records: 1, size/record: 8, table size: 8
	.data: load addr=00000e80, load size=0000000f bytes, run addr=20002800, run size=0000001c bytes, compression=rle


LINKER GENERATED HANDLER TABLE

__TI_handler_table @ 00000e90 records: 2, size/record: 4, table size: 8
	index: 0, handler: __TI_decompress_rle24
	index: 1, handler: __TI_decompress_none


GLOBAL SYMBOLS: SORTED ALPHABETICALLY BY Name 

address   name                    
-------   ----                    
00000c75  Any_UARTPrintln         
00000b79  C$$EXIT                 
0000070d  ConfigureUARTs          
00000ca1  GPIODirModeSet          
000003eb  GPIOPadConfigSet        
00000ae9  GPIOPinConfigure        
00000d45  GPIOPinTypeUART         
000009f9  InitConsole             
00000d79  ResetISR                
UNDEFED   SHT$$INIT_ARRAY$$Base   
UNDEFED   SHT$$INIT_ARRAY$$Limit  
0000061d  SysCtlClockSet          
00000d7f  SysCtlDelay             
00000c41  SysCtlPeripheralEnable  
00000d65  UARTCharGet             
00000d6f  UARTCharPut             
00000d85  UARTClockSourceSet      
00000bbd  UARTConfigSetExpClk     
00000ccd  UARTDisable             
00000d1d  UARTEnable              
00000999  UARTStdioConfig         
00000ce9  UARTprintf              
00000201  UARTvprintf             
00000b31  UARTwrite               
20002800  __STACK_END             
00002800  __STACK_SIZE            
20000100  __STACK_TOP             
00000e98  __TI_CINIT_Base         
00000ea0  __TI_CINIT_Limit        
00000e90  __TI_Handler_Table_Base 
00000e98  __TI_Handler_Table_Limit
000008c1  __TI_auto_init          
20002808  __TI_cleanup_ptr        
00000d57  __TI_decompress_none    
00000d8b  __TI_decompress_rle24   
2000280c  __TI_dtors_ptr          
00000000  __TI_static_base__      
00000c3f  __aeabi_idiv0           
00000845  __aeabi_memclr          
00000845  __aeabi_memclr4         
00000845  __aeabi_memclr8         
000007a9  __aeabi_memcpy          
000007a9  __aeabi_memcpy4         
000007a9  __aeabi_memcpy8         
00000847  __aeabi_memset          
00000847  __aeabi_memset4         
00000847  __aeabi_memset8         
00000bff  __aeabi_uidiv           
00000bff  __aeabi_uidivmod        
ffffffff  __binit__               
ffffffff  __c_args__              
20000000  __stack                 
00000d05  _args_main              
00000a4d  _c_int00                
20002800  _lock                   
00000d3f  _nop                    
00000d37  _register_lock          
00000d31  _register_unlock        
00000d91  _system_pre_init        
20002804  _unlock                 
00000b7d  abort                   
ffffffff  binit                   
00000a9d  copy_in                 
00000b85  exit                    
00000000  g_pfnVectors            
0000051d  main                    
20002818  main_func_sp            
000007a9  memcpy                  
0000084d  memset                  


GLOBAL SYMBOLS: SORTED BY Symbol Address 

address   name                    
-------   ----                    
00000000  __TI_static_base__      
00000000  g_pfnVectors            
00000201  UARTvprintf             
000003eb  GPIOPadConfigSet        
0000051d  main                    
0000061d  SysCtlClockSet          
0000070d  ConfigureUARTs          
000007a9  __aeabi_memcpy          
000007a9  __aeabi_memcpy4         
000007a9  __aeabi_memcpy8         
000007a9  memcpy                  
00000845  __aeabi_memclr          
00000845  __aeabi_memclr4         
00000845  __aeabi_memclr8         
00000847  __aeabi_memset          
00000847  __aeabi_memset4         
00000847  __aeabi_memset8         
0000084d  memset                  
000008c1  __TI_auto_init          
00000999  UARTStdioConfig         
000009f9  InitConsole             
00000a4d  _c_int00                
00000a9d  copy_in                 
00000ae9  GPIOPinConfigure        
00000b31  UARTwrite               
00000b79  C$$EXIT                 
00000b7d  abort                   
00000b85  exit                    
00000bbd  UARTConfigSetExpClk     
00000bff  __aeabi_uidiv           
00000bff  __aeabi_uidivmod        
00000c3f  __aeabi_idiv0           
00000c41  SysCtlPeripheralEnable  
00000c75  Any_UARTPrintln         
00000ca1  GPIODirModeSet          
00000ccd  UARTDisable             
00000ce9  UARTprintf              
00000d05  _args_main              
00000d1d  UARTEnable              
00000d31  _register_unlock        
00000d37  _register_lock          
00000d3f  _nop                    
00000d45  GPIOPinTypeUART         
00000d57  __TI_decompress_none    
00000d65  UARTCharGet             
00000d6f  UARTCharPut             
00000d79  ResetISR                
00000d7f  SysCtlDelay             
00000d85  UARTClockSourceSet      
00000d8b  __TI_decompress_rle24   
00000d91  _system_pre_init        
00000e90  __TI_Handler_Table_Base 
00000e98  __TI_CINIT_Base         
00000e98  __TI_Handler_Table_Limit
00000ea0  __TI_CINIT_Limit        
00002800  __STACK_SIZE            
20000000  __stack                 
20000100  __STACK_TOP             
20002800  __STACK_END             
20002800  _lock                   
20002804  _unlock                 
20002808  __TI_cleanup_ptr        
2000280c  __TI_dtors_ptr          
20002818  main_func_sp            
ffffffff  __binit__               
ffffffff  __c_args__              
ffffffff  binit                   
UNDEFED   SHT$$INIT_ARRAY$$Base   
UNDEFED   SHT$$INIT_ARRAY$$Limit  

[69 symbols]
